Archive member included to satisfy reference by file (symbol)

D:/cubeide/home/STM32CubeIDE_1.16.0/STM32CubeIDE/plugins/com.st.stm32cube.ide.mcu.externaltools.gnu-tools-for-stm32.12.3.rel1.win32_1.0.200.202406191623/tools/bin/../lib/gcc/arm-none-eabi/12.3.1/../../../../arm-none-eabi/lib/thumb/v7-m/nofp\libc_nano.a(libc_a-exit.o)
                              D:/cubeide/home/STM32CubeIDE_1.16.0/STM32CubeIDE/plugins/com.st.stm32cube.ide.mcu.externaltools.gnu-tools-for-stm32.12.3.rel1.win32_1.0.200.202406191623/tools/bin/../lib/gcc/arm-none-eabi/12.3.1/../../../../arm-none-eabi/lib/thumb/v7-m/nofp/crt0.o (exit)
D:/cubeide/home/STM32CubeIDE_1.16.0/STM32CubeIDE/plugins/com.st.stm32cube.ide.mcu.externaltools.gnu-tools-for-stm32.12.3.rel1.win32_1.0.200.202406191623/tools/bin/../lib/gcc/arm-none-eabi/12.3.1/../../../../arm-none-eabi/lib/thumb/v7-m/nofp\libc_nano.a(libc_a-findfp.o)
                              D:/cubeide/home/STM32CubeIDE_1.16.0/STM32CubeIDE/plugins/com.st.stm32cube.ide.mcu.externaltools.gnu-tools-for-stm32.12.3.rel1.win32_1.0.200.202406191623/tools/bin/../lib/gcc/arm-none-eabi/12.3.1/../../../../arm-none-eabi/lib/thumb/v7-m/nofp\libc_nano.a(libc_a-exit.o) (__stdio_exit_handler)
D:/cubeide/home/STM32CubeIDE_1.16.0/STM32CubeIDE/plugins/com.st.stm32cube.ide.mcu.externaltools.gnu-tools-for-stm32.12.3.rel1.win32_1.0.200.202406191623/tools/bin/../lib/gcc/arm-none-eabi/12.3.1/../../../../arm-none-eabi/lib/thumb/v7-m/nofp\libc_nano.a(libc_a-fwalk.o)
                              D:/cubeide/home/STM32CubeIDE_1.16.0/STM32CubeIDE/plugins/com.st.stm32cube.ide.mcu.externaltools.gnu-tools-for-stm32.12.3.rel1.win32_1.0.200.202406191623/tools/bin/../lib/gcc/arm-none-eabi/12.3.1/../../../../arm-none-eabi/lib/thumb/v7-m/nofp\libc_nano.a(libc_a-findfp.o) (_fwalk_sglue)
D:/cubeide/home/STM32CubeIDE_1.16.0/STM32CubeIDE/plugins/com.st.stm32cube.ide.mcu.externaltools.gnu-tools-for-stm32.12.3.rel1.win32_1.0.200.202406191623/tools/bin/../lib/gcc/arm-none-eabi/12.3.1/../../../../arm-none-eabi/lib/thumb/v7-m/nofp\libc_nano.a(libc_a-stdio.o)
                              D:/cubeide/home/STM32CubeIDE_1.16.0/STM32CubeIDE/plugins/com.st.stm32cube.ide.mcu.externaltools.gnu-tools-for-stm32.12.3.rel1.win32_1.0.200.202406191623/tools/bin/../lib/gcc/arm-none-eabi/12.3.1/../../../../arm-none-eabi/lib/thumb/v7-m/nofp\libc_nano.a(libc_a-findfp.o) (__sread)
D:/cubeide/home/STM32CubeIDE_1.16.0/STM32CubeIDE/plugins/com.st.stm32cube.ide.mcu.externaltools.gnu-tools-for-stm32.12.3.rel1.win32_1.0.200.202406191623/tools/bin/../lib/gcc/arm-none-eabi/12.3.1/../../../../arm-none-eabi/lib/thumb/v7-m/nofp\libc_nano.a(libc_a-memset.o)
                              D:/cubeide/home/STM32CubeIDE_1.16.0/STM32CubeIDE/plugins/com.st.stm32cube.ide.mcu.externaltools.gnu-tools-for-stm32.12.3.rel1.win32_1.0.200.202406191623/tools/bin/../lib/gcc/arm-none-eabi/12.3.1/../../../../arm-none-eabi/lib/thumb/v7-m/nofp/crt0.o (memset)
D:/cubeide/home/STM32CubeIDE_1.16.0/STM32CubeIDE/plugins/com.st.stm32cube.ide.mcu.externaltools.gnu-tools-for-stm32.12.3.rel1.win32_1.0.200.202406191623/tools/bin/../lib/gcc/arm-none-eabi/12.3.1/../../../../arm-none-eabi/lib/thumb/v7-m/nofp\libc_nano.a(libc_a-closer.o)
                              D:/cubeide/home/STM32CubeIDE_1.16.0/STM32CubeIDE/plugins/com.st.stm32cube.ide.mcu.externaltools.gnu-tools-for-stm32.12.3.rel1.win32_1.0.200.202406191623/tools/bin/../lib/gcc/arm-none-eabi/12.3.1/../../../../arm-none-eabi/lib/thumb/v7-m/nofp\libc_nano.a(libc_a-stdio.o) (_close_r)
D:/cubeide/home/STM32CubeIDE_1.16.0/STM32CubeIDE/plugins/com.st.stm32cube.ide.mcu.externaltools.gnu-tools-for-stm32.12.3.rel1.win32_1.0.200.202406191623/tools/bin/../lib/gcc/arm-none-eabi/12.3.1/../../../../arm-none-eabi/lib/thumb/v7-m/nofp\libc_nano.a(libc_a-reent.o)
                              D:/cubeide/home/STM32CubeIDE_1.16.0/STM32CubeIDE/plugins/com.st.stm32cube.ide.mcu.externaltools.gnu-tools-for-stm32.12.3.rel1.win32_1.0.200.202406191623/tools/bin/../lib/gcc/arm-none-eabi/12.3.1/../../../../arm-none-eabi/lib/thumb/v7-m/nofp\libc_nano.a(libc_a-closer.o) (errno)
D:/cubeide/home/STM32CubeIDE_1.16.0/STM32CubeIDE/plugins/com.st.stm32cube.ide.mcu.externaltools.gnu-tools-for-stm32.12.3.rel1.win32_1.0.200.202406191623/tools/bin/../lib/gcc/arm-none-eabi/12.3.1/../../../../arm-none-eabi/lib/thumb/v7-m/nofp\libc_nano.a(libc_a-impure.o)
                              D:/cubeide/home/STM32CubeIDE_1.16.0/STM32CubeIDE/plugins/com.st.stm32cube.ide.mcu.externaltools.gnu-tools-for-stm32.12.3.rel1.win32_1.0.200.202406191623/tools/bin/../lib/gcc/arm-none-eabi/12.3.1/../../../../arm-none-eabi/lib/thumb/v7-m/nofp\libc_nano.a(libc_a-reent.o) (_impure_ptr)
D:/cubeide/home/STM32CubeIDE_1.16.0/STM32CubeIDE/plugins/com.st.stm32cube.ide.mcu.externaltools.gnu-tools-for-stm32.12.3.rel1.win32_1.0.200.202406191623/tools/bin/../lib/gcc/arm-none-eabi/12.3.1/../../../../arm-none-eabi/lib/thumb/v7-m/nofp\libc_nano.a(libc_a-lseekr.o)
[...]
Memory Configuration

Name             Origin             Length             Attributes
RAM              0x20000000         0x00010000         xrw
FLASH            0x08000000         0x00080000         xr
*default*        0x00000000         0xffffffff

Linker script and memory map

LOAD D:/cubeide/home/STM32CubeIDE_1.16.0/STM32CubeIDE/plugins/com.st.stm32cube.ide.mcu.externaltools.gnu-tools-for-stm32.12.3.rel1.win32_1.0.200.202406191623/tools/bin/../lib/gcc/arm-none-eabi/12.3.1/thumb/v7-m/nofp/crti.o
LOAD D:/cubeide/home/STM32CubeIDE_1.16.0/STM32CubeIDE/plugins/com.st.stm32cube.ide.mcu.externaltools.gnu-tools-for-stm32.12.3.rel1.win32_1.0.200.202406191623/tools/bin/../lib/gcc/arm-none-eabi/12.3.1/thumb/v7-m/nofp/crtbegin.o
LOAD D:/cubeide/home/STM32CubeIDE_1.16.0/STM32CubeIDE/plugins/com.st.stm32cube.ide.mcu.externaltools.gnu-tools-for-stm32.12.3.rel1.win32_1.0.200.202406191623/tools/bin/../lib/gcc/arm-none-eabi/12.3.1/../../../../arm-none-eabi/lib/thumb/v7-m/nofp/crt0.o
LOAD ./Core/Src/dma.o
LOAD ./Core/Src/gpio.o
LOAD ./Core/Src/i2c.o
LOAD ./Core/Src/main.o
LOAD ./Core/Src/stm32f1xx_hal_msp.o
LOAD ./Core/Src/stm32f1xx_it.o
LOAD ./Core/Src/syscalls.o
LOAD ./Core/Src/sysmem.o
LOAD ./Core/Src/system_stm32f1xx.o
LOAD ./Core/Src/tim.o
LOAD ./Core/Src/usart.o
LOAD ./Core/Startup/startup_stm32f103zetx.o
LOAD ./Drivers/STM32F1xx_HAL_Driver/Src/stm32f1xx_hal.o
LOAD ./Drivers/STM32F1xx_HAL_Driver/Src/stm32f1xx_hal_cortex.o
LOAD ./Drivers/STM32F1xx_HAL_Driver/Src/stm32f1xx_hal_dma.o
LOAD ./Drivers/STM32F1xx_HAL_Driver/Src/stm32f1xx_hal_exti.o
LOAD ./Drivers/STM32F1xx_HAL_Driver/Src/stm32f1xx_hal_flash.o
LOAD ./Drivers/STM32F1xx_HAL_Driver/Src/stm32f1xx_hal_flash_ex.o
LOAD ./Drivers/STM32F1xx_HAL_Driver/Src/stm32f1xx_hal_gpio.o
LOAD ./Drivers/STM32F1xx_HAL_Driver/Src/stm32f1xx_hal_gpio_ex.o
LOAD ./Drivers/STM32F1xx_HAL_Driver/Src/stm32f1xx_hal_i2c.o
LOAD ./Drivers/STM32F1xx_HAL_Driver/Src/stm32f1xx_hal_pwr.o
LOAD ./Drivers/STM32F1xx_HAL_Driver/Src/stm32f1xx_hal_rcc.o
LOAD ./Drivers/STM32F1xx_HAL_Driver/Src/stm32f1xx_hal_rcc_ex.o
LOAD ./Drivers/STM32F1xx_HAL_Driver/Src/stm32f1xx_hal_tim.o
LOAD ./Drivers/STM32F1xx_HAL_Driver/Src/stm32f1xx_hal_tim_ex.o
LOAD ./Drivers/STM32F1xx_HAL_Driver/Src/stm32f1xx_hal_usart.o
LOAD ./Hardware/src/Key.o
LOAD ./Hardware/src/led.o
LOAD ./Hardware/src/oled.o
LOAD ./Hardware/src/oledfont.o
START GROUP
LOAD D:/cubeide/home/STM32CubeIDE_1.16.0/STM32CubeIDE/plugins/com.st.stm32cube.ide.mcu.externaltools.gnu-tools-for-stm32.12.3.rel1.win32_1.0.200.202406191623/tools/bin/../lib/gcc/arm-none-eabi/12.3.1/../../../../arm-none-eabi/lib/thumb/v7-m/nofp\libc_nano.a
LOAD D:/cubeide/home/STM32CubeIDE_1.16.0/STM32CubeIDE/plugins/com.st.stm32cube.ide.mcu.externaltools.gnu-tools-for-stm32.12.3.rel1.win32_1.0.200.202406191623/tools/bin/../lib/gcc/arm-none-eabi/12.3.1/../../../../arm-none-eabi/lib/thumb/v7-m/nofp\libm.a
END GROUP
START GROUP
LOAD D:/cubeide/home/STM32CubeIDE_1.16.0/STM32CubeIDE/plugins/com.st.stm32cube.ide.mcu.externaltools.gnu-tools-for-stm32.12.3.rel1.win32_1.0.200.202406191623/tools/bin/../lib/gcc/arm-none-eabi/12.3.1/thumb/v7-m/nofp\libgcc.a
LOAD D:/cubeide/home/STM32CubeIDE_1.16.0/STM32CubeIDE/plugins/com.st.stm32cube.ide.mcu.externaltools.gnu-tools-for-stm32.12.3.rel1.win32_1.0.200.202406191623/tools/bin/../lib/gcc/arm-none-eabi/12.3.1/../../../../arm-none-eabi/lib/thumb/v7-m/nofp\libc_nano.a
END GROUP
START GROUP
LOAD D:/cubeide/home/STM32CubeIDE_1.16.0/STM32CubeIDE/plugins/com.st.stm32cube.ide.mcu.externaltools.gnu-tools-for-stm32.12.3.rel1.win32_1.0.200.202406191623/tools/bin/../lib/gcc/arm-none-eabi/12.3.1/thumb/v7-m/nofp\libgcc.a
LOAD D:/cubeide/home/STM32CubeIDE_1.16.0/STM32CubeIDE/plugins/com.st.stm32cube.ide.mcu.externaltools.gnu-tools-for-stm32.12.3.rel1.win32_1.0.200.202406191623/tools/bin/../lib/gcc/arm-none-eabi/12.3.1/../../../../arm-none-eabi/lib/thumb/v7-m/nofp\libc_nano.a
LOAD D:/cubeide/home/STM32CubeIDE_1.16.0/STM32CubeIDE/plugins/com.st.stm32cube.ide.mcu.externaltools.gnu-tools-for-stm32.12.3.rel1.win32_1.0.200.202406191623/tools/bin/../lib/gcc/arm-none-eabi/12.3.1/../../../../arm-none-eabi/lib/thumb/v7-m/nofp\libnosys.a
END GROUP
START GROUP
LOAD D:/cubeide/home/STM32CubeIDE_1.16.0/STM32CubeIDE/plugins/com.st.stm32cube.ide.mcu.externaltools.gnu-tools-for-stm32.12.3.rel1.win32_1.0.200.202406191623/tools/bin/../lib/gcc/arm-none-eabi/12.3.1/thumb/v7-m/nofp\libgcc.a
LOAD D:/cubeide/home/STM32CubeIDE_1.16.0/STM32CubeIDE/plugins/com.st.stm32cube.ide.mcu.externaltools.gnu-tools-for-stm32.12.3.rel1.win32_1.0.200.202406191623/tools/bin/../lib/gcc/arm-none-eabi/12.3.1/../../../../arm-none-eabi/lib/thumb/v7-m/nofp\libc_nano.a
LOAD D:/cubeide/home/STM32CubeIDE_1.16.0/STM32CubeIDE/plugins/com.st.stm32cube.ide.mcu.externaltools.gnu-tools-for-stm32.12.3.rel1.win32_1.0.200.202406191623/tools/bin/../lib/gcc/arm-none-eabi/12.3.1/../../../../arm-none-eabi/lib/thumb/v7-m/nofp\libnosys.a
END GROUP
LOAD D:/cubeide/home/STM32CubeIDE_1.16.0/STM32CubeIDE/plugins/com.st.stm32cube.ide.mcu.externaltools.gnu-tools-for-stm32.12.3.rel1.win32_1.0.200.202406191623/tools/bin/../lib/gcc/arm-none-eabi/12.3.1/thumb/v7-m/nofp/crtend.o
LOAD D:/cubeide/home/STM32CubeIDE_1.16.0/STM32CubeIDE/plugins/com.st.stm32cube.ide.mcu.externaltools.gnu-tools-for-stm32.12.3.rel1.win32_1.0.200.202406191623/tools/bin/../lib/gcc/arm-none-eabi/12.3.1/thumb/v7-m/nofp/crtn.o
                0x20010000                        _estack = (ORIGIN (RAM) + LENGTH (RAM))
                0x00000200                        _Min_Heap_Size = 0x200
                0x00000400                        _Min_Stack_Size = 0x400

.isr_vector     0x08000000      0x1e4
                0x08000000                        . = ALIGN (0x4)
 *(.isr_vector)
 .isr_vector    0x08000000      0x1e4 ./Core/Startup/startup_stm32f103zetx.o
                0x08000000                g_pfnVectors
                0x080001e4                        . = ALIGN (0x4)

.text           0x080001e4     0x37bc
                0x080001e4                        . = ALIGN (0x4)
 *(.text)
 .text          0x080001e4       0x40 D:/cubeide/home/STM32CubeIDE_1.16.0/STM32CubeIDE/plugins/com.st.stm32cube.ide.mcu.externaltools.gnu-tools-for-stm32.12.3.rel1.win32_1.0.200.202406191623/tools/bin/../lib/gcc/arm-none-eabi/12.3.1/thumb/v7-m/nofp/crtbegin.o
 *(.text*)
 .text.MX_DMA_Init
                0x08000224       0x4c ./Core/Src/dma.o
                0x08000224                MX_DMA_Init
 .text.MX_GPIO_Init
                0x08000270       0x5c ./Core/Src/gpio.o
                0x08000270                MX_GPIO_Init
 .text.MX_I2C1_Init
                0x080002cc       0x5c ./Core/Src/i2c.o
                0x080002cc                MX_I2C1_Init
 .text.HAL_I2C_MspInit
                0x08000328       0x7c ./Core/Src/i2c.o
                0x08000328                HAL_I2C_MspInit
 .text.main     0x080003a4       0xf4 ./Core/Src/main.o
                0x080003a4                main
 .text.SystemClock_Config
                0x08000498       0x82 ./Core/Src/main.o
                0x08000498                SystemClock_Config
 .text.Error_Handler
                0x0800051a        0xc ./Core/Src/main.o
                0x0800051a                Error_Handler
 *fill*         0x08000526        0x2 
 .text.HAL_MspInit
                0x08000528       0x64 ./Core/Src/stm32f1xx_hal_msp.o
                0x08000528                HAL_MspInit
 .text.NMI_Handler
                0x0800058c        0x8 ./Core/Src/stm32f1xx_it.o
                0x0800058c                NMI_Handler
 .text.HardFault_Handler
                0x08000594        0x8 ./Core/Src/stm32f1xx_it.o
                0x08000594                HardFault_Handler
 .text.MemManage_Handler
                0x0800059c        0x8 ./Core/Src/stm32f1xx_it.o
                0x0800059c                MemManage_Handler
 .text.BusFault_Handler
                0x080005a4        0x8 ./Core/Src/stm32f1xx_it.o
                0x080005a4                BusFault_Handler
 .text.UsageFault_Handler
                0x080005ac        0x8 ./Core/Src/stm32f1xx_it.o
                0x080005ac                UsageFault_Handler
 .text.SVC_Handler
                0x080005b4        0xc ./Core/Src/stm32f1xx_it.o
                0x080005b4                SVC_Handler
 .text.DebugMon_Handler
                0x080005c0        0xc ./Core/Src/stm32f1xx_it.o
                0x080005c0                DebugMon_Handler
 .text.PendSV_Handler
                0x080005cc        0xc ./Core/Src/stm32f1xx_it.o
                0x080005cc                PendSV_Handler
 .text.SysTick_Handler
                0x080005d8        0xc ./Core/Src/stm32f1xx_it.o
                0x080005d8                SysTick_Handler
 .text.DMA1_Channel6_IRQHandler
                0x080005e4       0x14 ./Core/Src/stm32f1xx_it.o
                0x080005e4                DMA1_Channel6_IRQHandler
 .text.DMA1_Channel7_IRQHandler
                0x080005f8       0x14 ./Core/Src/stm32f1xx_it.o
                0x080005f8                DMA1_Channel7_IRQHandler
 .text.USART2_IRQHandler
                0x0800060c       0x14 ./Core/Src/stm32f1xx_it.o
                0x0800060c                USART2_IRQHandler
 .text.SystemInit
                0x08000620        0xc ./Core/Src/system_stm32f1xx.o
                0x08000620                SystemInit
 .text.MX_TIM6_Init
                0x0800062c       0x6c ./Core/Src/tim.o
                0x0800062c                MX_TIM6_Init
 .text.HAL_TIM_Base_MspInit
                0x08000698       0x3c ./Core/Src/tim.o
                0x08000698                HAL_TIM_Base_MspInit
 .text.MX_USART2_Init
                0x080006d4       0x58 ./Core/Src/usart.o
                0x080006d4                MX_USART2_Init
 .text.HAL_USART_MspInit
                0x0800072c      0x150 ./Core/Src/usart.o
                0x0800072c                HAL_USART_MspInit
 .text.Reset_Handler
                0x0800087c       0x48 ./Core/Startup/startup_stm32f103zetx.o
                0x0800087c                Reset_Handler
 .text.Default_Handler
                0x080008c4        0x2 ./Core/Startup/startup_stm32f103zetx.o
                0x080008c4                RTC_Alarm_IRQHandler
                0x080008c4                EXTI2_IRQHandler
                0x080008c4                TIM8_TRG_COM_IRQHandler
                0x080008c4                TIM8_CC_IRQHandler
                0x080008c4                TIM1_CC_IRQHandler
                0x080008c4                TIM6_IRQHandler
                0x080008c4                PVD_IRQHandler
                0x080008c4                SDIO_IRQHandler
                0x080008c4                EXTI3_IRQHandler
                0x080008c4                EXTI0_IRQHandler
                0x080008c4                I2C2_EV_IRQHandler
                0x080008c4                ADC1_2_IRQHandler
                0x080008c4                SPI1_IRQHandler
                0x080008c4                TAMPER_IRQHandler
                0x080008c4                TIM8_UP_IRQHandler
                0x080008c4                DMA2_Channel2_IRQHandler
                0x080008c4                DMA1_Channel4_IRQHandler
                0x080008c4                USART3_IRQHandler
                0x080008c4                RTC_IRQHandler
                0x080008c4                CAN1_RX1_IRQHandler
                0x080008c4                UART5_IRQHandler
                0x080008c4                ADC3_IRQHandler
                0x080008c4                TIM4_IRQHandler
                0x080008c4                DMA2_Channel1_IRQHandler
                0x080008c4                I2C1_EV_IRQHandler
                0x080008c4                UART4_IRQHandler
                0x080008c4                TIM3_IRQHandler
                0x080008c4                RCC_IRQHandler
                0x080008c4                TIM1_TRG_COM_IRQHandler
                0x080008c4                DMA1_Channel1_IRQHandler
                0x080008c4                Default_Handler
                0x080008c4                EXTI15_10_IRQHandler
                0x080008c4                TIM7_IRQHandler
                0x080008c4                TIM5_IRQHandler
                0x080008c4                EXTI9_5_IRQHandler
                0x080008c4                SPI2_IRQHandler
                0x080008c4                DMA1_Channel5_IRQHandler
                0x080008c4                EXTI4_IRQHandler
                0x080008c4                USB_LP_CAN1_RX0_IRQHandler
                0x080008c4                USB_HP_CAN1_TX_IRQHandler
                0x080008c4                DMA1_Channel3_IRQHandler
                0x080008c4                FSMC_IRQHandler
                0x080008c4                TIM1_UP_IRQHandler
                0x080008c4                WWDG_IRQHandler
                0x080008c4                TIM2_IRQHandler
                0x080008c4                TIM1_BRK_IRQHandler
                0x080008c4                EXTI1_IRQHandler
                0x080008c4                DMA2_Channel4_5_IRQHandler
                0x080008c4                I2C2_ER_IRQHandler
                0x080008c4                DMA1_Channel2_IRQHandler
                0x080008c4                TIM8_BRK_IRQHandler
                0x080008c4                CAN1_SCE_IRQHandler
                0x080008c4                FLASH_IRQHandler
                0x080008c4                USART1_IRQHandler
                0x080008c4                SPI3_IRQHandler
                0x080008c4                I2C1_ER_IRQHandler
                0x080008c4                USBWakeUp_IRQHandler
                0x080008c4                DMA2_Channel3_IRQHandler
 *fill*         0x080008c6        0x2 
 .text.HAL_Init
                0x080008c8       0x2c ./Drivers/STM32F1xx_HAL_Driver/Src/stm32f1xx_hal.o
                0x080008c8                HAL_Init
 .text.HAL_InitTick
                0x080008f4       0x60 ./Drivers/STM32F1xx_HAL_Driver/Src/stm32f1xx_hal.o
                0x080008f4                HAL_InitTick
 .text.HAL_IncTick
                0x08000954       0x24 ./Drivers/STM32F1xx_HAL_Driver/Src/stm32f1xx_hal.o
                0x08000954                HAL_IncTick
 .text.HAL_GetTick
                0x08000978       0x14 ./Drivers/STM32F1xx_HAL_Driver/Src/stm32f1xx_hal.o
                0x08000978                HAL_GetTick
 .text.HAL_Delay
                0x0800098c       0x48 ./Drivers/STM32F1xx_HAL_Driver/Src/stm32f1xx_hal.o
                0x0800098c                HAL_Delay
 .text.__NVIC_SetPriorityGrouping
                0x080009d4       0x48 ./Drivers/STM32F1xx_HAL_Driver/Src/stm32f1xx_hal_cortex.o
 .text.__NVIC_GetPriorityGrouping
                0x08000a1c       0x1c ./Drivers/STM32F1xx_HAL_Driver/Src/stm32f1xx_hal_cortex.o
 .text.__NVIC_EnableIRQ
                0x08000a38       0x38 ./Drivers/STM32F1xx_HAL_Driver/Src/stm32f1xx_hal_cortex.o
 .text.__NVIC_SetPriority
                0x08000a70       0x54 ./Drivers/STM32F1xx_HAL_Driver/Src/stm32f1xx_hal_cortex.o
 .text.NVIC_EncodePriority
                0x08000ac4       0x64 ./Drivers/STM32F1xx_HAL_Driver/Src/stm32f1xx_hal_cortex.o
 .text.SysTick_Config
                0x08000b28       0x44 ./Drivers/STM32F1xx_HAL_Driver/Src/stm32f1xx_hal_cortex.o
 .text.HAL_NVIC_SetPriorityGrouping
                0x08000b6c       0x16 ./Drivers/STM32F1xx_HAL_Driver/Src/stm32f1xx_hal_cortex.o
                0x08000b6c                HAL_NVIC_SetPriorityGrouping
 .text.HAL_NVIC_SetPriority
                0x08000b82       0x38 ./Drivers/STM32F1xx_HAL_Driver/Src/stm32f1xx_hal_cortex.o
                0x08000b82                HAL_NVIC_SetPriority
 .text.HAL_NVIC_EnableIRQ
                0x08000bba       0x1c ./Drivers/STM32F1xx_HAL_Driver/Src/stm32f1xx_hal_cortex.o
                0x08000bba                HAL_NVIC_EnableIRQ
 .text.HAL_SYSTICK_Config
                0x08000bd6       0x18 ./Drivers/STM32F1xx_HAL_Driver/Src/stm32f1xx_hal_cortex.o
                0x08000bd6                HAL_SYSTICK_Config
 *fill*         0x08000bee        0x2 
 .text.HAL_DMA_Init
                0x08000bf0       0xec ./Drivers/STM32F1xx_HAL_Driver/Src/stm32f1xx_hal_dma.o
                0x08000bf0                HAL_DMA_Init
 .text.HAL_DMA_Abort_IT
                0x08000cdc      0x210 ./Drivers/STM32F1xx_HAL_Driver/Src/stm32f1xx_hal_dma.o
                0x08000cdc                HAL_DMA_Abort_IT
 .text.HAL_DMA_IRQHandler
                0x08000eec      0x478 ./Drivers/STM32F1xx_HAL_Driver/Src/stm32f1xx_hal_dma.o
                0x08000eec                HAL_DMA_IRQHandler
 .text.HAL_GPIO_Init
                0x08001364      0x328 ./Drivers/STM32F1xx_HAL_Driver/Src/stm32f1xx_hal_gpio.o
                0x08001364                HAL_GPIO_Init
 .text.HAL_I2C_Init
                0x0800168c      0x288 ./Drivers/STM32F1xx_HAL_Driver/Src/stm32f1xx_hal_i2c.o
                0x0800168c                HAL_I2C_Init
 .text.HAL_I2C_Mem_Write
                0x08001914      0x1f4 ./Drivers/STM32F1xx_HAL_Driver/Src/stm32f1xx_hal_i2c.o
                0x08001914                HAL_I2C_Mem_Write
 .text.I2C_RequestMemoryWrite
                0x08001b08      0x12c ./Drivers/STM32F1xx_HAL_Driver/Src/stm32f1xx_hal_i2c.o
 .text.I2C_WaitOnFlagUntilTimeout
                0x08001c34       0xf4 ./Drivers/STM32F1xx_HAL_Driver/Src/stm32f1xx_hal_i2c.o
 .text.I2C_WaitOnMasterAddressFlagUntilTimeout
                0x08001d28      0x140 ./Drivers/STM32F1xx_HAL_Driver/Src/stm32f1xx_hal_i2c.o
 .text.I2C_WaitOnTXEFlagUntilTimeout
                0x08001e68       0x90 ./Drivers/STM32F1xx_HAL_Driver/Src/stm32f1xx_hal_i2c.o
 .text.I2C_WaitOnBTFFlagUntilTimeout
                0x08001ef8       0x90 ./Drivers/STM32F1xx_HAL_Driver/Src/stm32f1xx_hal_i2c.o
 .text.I2C_IsAcknowledgeFailed
                0x08001f88       0x5c ./Drivers/STM32F1xx_HAL_Driver/Src/stm32f1xx_hal_i2c.o
 .text.HAL_RCC_OscConfig
                0x08001fe4      0x504 ./Drivers/STM32F1xx_HAL_Driver/Src/stm32f1xx_hal_rcc.o
                0x08001fe4                HAL_RCC_OscConfig
 .text.HAL_RCC_ClockConfig
                0x080024e8      0x1d4 ./Drivers/STM32F1xx_HAL_Driver/Src/stm32f1xx_hal_rcc.o
                0x080024e8                HAL_RCC_ClockConfig
 .text.HAL_RCC_GetSysClockFreq
                0x080026bc       0xa8 ./Drivers/STM32F1xx_HAL_Driver/Src/stm32f1xx_hal_rcc.o
                0x080026bc                HAL_RCC_GetSysClockFreq
 .text.HAL_RCC_GetHCLKFreq
                0x08002764       0x14 ./Drivers/STM32F1xx_HAL_Driver/Src/stm32f1xx_hal_rcc.o
                0x08002764                HAL_RCC_GetHCLKFreq
 .text.HAL_RCC_GetPCLK1Freq
                0x08002778       0x28 ./Drivers/STM32F1xx_HAL_Driver/Src/stm32f1xx_hal_rcc.o
                0x08002778                HAL_RCC_GetPCLK1Freq
 .text.HAL_RCC_GetPCLK2Freq
                0x080027a0       0x28 ./Drivers/STM32F1xx_HAL_Driver/Src/stm32f1xx_hal_rcc.o
                0x080027a0                HAL_RCC_GetPCLK2Freq
 .text.RCC_Delay
                0x080027c8       0x3c ./Drivers/STM32F1xx_HAL_Driver/Src/stm32f1xx_hal_rcc.o
 .text.HAL_TIM_Base_Init
                0x08002804       0x9e ./Drivers/STM32F1xx_HAL_Driver/Src/stm32f1xx_hal_tim.o
                0x08002804                HAL_TIM_Base_Init
 *fill*         0x080028a2        0x2 
 .text.TIM_Base_SetConfig
                0x080028a4       0xf4 ./Drivers/STM32F1xx_HAL_Driver/Src/stm32f1xx_hal_tim.o
                0x080028a4                TIM_Base_SetConfig
 .text.HAL_TIMEx_MasterConfigSynchronization
                0x08002998       0xd8 ./Drivers/STM32F1xx_HAL_Driver/Src/stm32f1xx_hal_tim_ex.o
                0x08002998                HAL_TIMEx_MasterConfigSynchronization
 .text.HAL_USART_Init
                0x08002a70       0x82 ./Drivers/STM32F1xx_HAL_Driver/Src/stm32f1xx_hal_usart.o
                0x08002a70                HAL_USART_Init
 *fill*         0x08002af2        0x2 
 .text.HAL_USART_IRQHandler
                0x08002af4      0x23c ./Drivers/STM32F1xx_HAL_Driver/Src/stm32f1xx_hal_usart.o
                0x08002af4                HAL_USART_IRQHandler
 .text.HAL_USART_TxCpltCallback
                0x08002d30       0x12 ./Drivers/STM32F1xx_HAL_Driver/Src/stm32f1xx_hal_usart.o
                0x08002d30                HAL_USART_TxCpltCallback
 .text.HAL_USART_RxCpltCallback
                0x08002d42       0x12 ./Drivers/STM32F1xx_HAL_Driver/Src/stm32f1xx_hal_usart.o
                0x08002d42                HAL_USART_RxCpltCallback
 .text.HAL_USART_TxRxCpltCallback
                0x08002d54       0x12 ./Drivers/STM32F1xx_HAL_Driver/Src/stm32f1xx_hal_usart.o
                0x08002d54                HAL_USART_TxRxCpltCallback
 .text.HAL_USART_ErrorCallback
                0x08002d66       0x12 ./Drivers/STM32F1xx_HAL_Driver/Src/stm32f1xx_hal_usart.o
                0x08002d66                HAL_USART_ErrorCallback
 .text.USART_EndRxTransfer
                0x08002d78       0x3a ./Drivers/STM32F1xx_HAL_Driver/Src/stm32f1xx_hal_usart.o
 .text.USART_DMAAbortOnError
                0x08002db2       0x28 ./Drivers/STM32F1xx_HAL_Driver/Src/stm32f1xx_hal_usart.o
 .text.USART_Transmit_IT
                0x08002dda       0x9e ./Drivers/STM32F1xx_HAL_Driver/Src/stm32f1xx_hal_usart.o
 .text.USART_EndTransmit_IT
                0x08002e78       0x40 ./Drivers/STM32F1xx_HAL_Driver/Src/stm32f1xx_hal_usart.o
 .text.USART_Receive_IT
                0x08002eb8      0x10c ./Drivers/STM32F1xx_HAL_Driver/Src/stm32f1xx_hal_usart.o
 .text.USART_TransmitReceive_IT
                0x08002fc4      0x19a ./Drivers/STM32F1xx_HAL_Driver/Src/stm32f1xx_hal_usart.o
 *fill*         0x0800315e        0x2 
 .text.USART_SetConfig
                0x08003160      0x1f0 ./Drivers/STM32F1xx_HAL_Driver/Src/stm32f1xx_hal_usart.o
 .text.OLED_Init
                0x08003350       0x3c ./Hardware/src/oled.o
                0x08003350                OLED_Init
 .text.OLED_WR_CMD
                0x0800338c       0x30 ./Hardware/src/oled.o
                0x0800338c                OLED_WR_CMD
 .text.OLED_WR_DATA
                0x080033bc       0x30 ./Hardware/src/oled.o
                0x080033bc                OLED_WR_DATA
 .text.OLED_Clear
                0x080033ec       0x54 ./Hardware/src/oled.o
                0x080033ec                OLED_Clear
 .text.OLED_Set_Pos
                0x08003440       0x44 ./Hardware/src/oled.o
                0x08003440                OLED_Set_Pos
 .text.oled_pow
                0x08003484       0x36 ./Hardware/src/oled.o
                0x08003484                oled_pow
 *fill*         0x080034ba        0x2 
 .text.OLED_ShowChar
                0x080034bc      0x160 ./Hardware/src/oled.o
                0x080034bc                OLED_ShowChar
 .text.OLED_ShowString
                0x0800361c       0x92 ./Hardware/src/oled.o
                0x0800361c                OLED_ShowString
 *fill*         0x080036ae        0x2 
 .text.OLED_ShowNum
                0x080036b0       0xe4 ./Hardware/src/oled.o
                0x080036b0                OLED_ShowNum
 .text.OLED_ShowCHinese
                0x08003794       0xe4 ./Hardware/src/oled.o
                0x08003794                OLED_ShowCHinese
 .text.OLED_DrawBMP
                0x08003878       0xb8 ./Hardware/src/oled.o
                0x08003878                OLED_DrawBMP
 .text.memset   0x08003930       0x10 D:/cubeide/home/STM32CubeIDE_1.16.0/STM32CubeIDE/plugins/com.st.stm32cube.ide.mcu.externaltools.gnu-tools-for-stm32.12.3.rel1.win32_1.0.200.202406191623/tools/bin/../lib/gcc/arm-none-eabi/12.3.1/../../../../arm-none-eabi/lib/thumb/v7-m/nofp\libc_nano.a(libc_a-memset.o)
                0x08003930                memset
 .text.__libc_init_array
                0x08003940       0x48 D:/cubeide/home/STM32CubeIDE_1.16.0/STM32CubeIDE/plugins/com.st.stm32cube.ide.mcu.externaltools.gnu-tools-for-stm32.12.3.rel1.win32_1.0.200.202406191623/tools/bin/../lib/gcc/arm-none-eabi/12.3.1/../../../../arm-none-eabi/lib/thumb/v7-m/nofp\libc_nano.a(libc_a-init.o)
                0x08003940                __libc_init_array
 *(.glue_7)
 .glue_7        0x08003988        0x0 linker stubs
 *(.glue_7t)
 .glue_7t       0x08003988        0x0 linker stubs
 *(.eh_frame)
 .eh_frame      0x08003988        0x0 D:/cubeide/home/STM32CubeIDE_1.16.0/STM32CubeIDE/plugins/com.st.stm32cube.ide.mcu.externaltools.gnu-tools-for-stm32.12.3.rel1.win32_1.0.200.202406191623/tools/bin/../lib/gcc/arm-none-eabi/12.3.1/thumb/v7-m/nofp/crtbegin.o
 *(.init)
 .init          0x08003988        0x4 D:/cubeide/home/STM32CubeIDE_1.16.0/STM32CubeIDE/plugins/com.st.stm32cube.ide.mcu.externaltools.gnu-tools-for-stm32.12.3.rel1.win32_1.0.200.202406191623/tools/bin/../lib/gcc/arm-none-eabi/12.3.1/thumb/v7-m/nofp/crti.o
                0x08003988                _init
 .init          0x0800398c        0x8 D:/cubeide/home/STM32CubeIDE_1.16.0/STM32CubeIDE/plugins/com.st.stm32cube.ide.mcu.externaltools.gnu-tools-for-stm32.12.3.rel1.win32_1.0.200.202406191623/tools/bin/../lib/gcc/arm-none-eabi/12.3.1/thumb/v7-m/nofp/crtn.o
 *(.fini)
 .fini          0x08003994        0x4 D:/cubeide/home/STM32CubeIDE_1.16.0/STM32CubeIDE/plugins/com.st.stm32cube.ide.mcu.externaltools.gnu-tools-for-stm32.12.3.rel1.win32_1.0.200.202406191623/tools/bin/../lib/gcc/arm-none-eabi/12.3.1/thumb/v7-m/nofp/crti.o
                0x08003994                _fini
 .fini          0x08003998        0x8 D:/cubeide/home/STM32CubeIDE_1.16.0/STM32CubeIDE/plugins/com.st.stm32cube.ide.mcu.externaltools.gnu-tools-for-stm32.12.3.rel1.win32_1.0.200.202406191623/tools/bin/../lib/gcc/arm-none-eabi/12.3.1/thumb/v7-m/nofp/crtn.o
                0x080039a0                        . = ALIGN (0x4)
                0x080039a0                        _etext = .

.vfp11_veneer   0x080039a0        0x0
 .vfp11_veneer  0x080039a0        0x0 linker stubs

.v4_bx          0x080039a0        0x0
 .v4_bx         0x080039a0        0x0 linker stubs

.iplt           0x080039a0        0x0
 .iplt          0x080039a0        0x0 D:/cubeide/home/STM32CubeIDE_1.16.0/STM32CubeIDE/plugins/com.st.stm32cube.ide.mcu.externaltools.gnu-tools-for-stm32.12.3.rel1.win32_1.0.200.202406191623/tools/bin/../lib/gcc/arm-none-eabi/12.3.1/thumb/v7-m/nofp/crtbegin.o

.rodata         0x080039a0      0x8b0
                0x080039a0                        . = ALIGN (0x4)
 *(.rodata)
 .rodata        0x080039a0       0x1b ./Core/Src/main.o
 *(.rodata*)
 *fill*         0x080039bb        0x1 
 .rodata.AHBPrescTable
                0x080039bc       0x10 ./Core/Src/system_stm32f1xx.o
                0x080039bc                AHBPrescTable
 .rodata.APBPrescTable
                0x080039cc        0x8 ./Core/Src/system_stm32f1xx.o
                0x080039cc                APBPrescTable
 .rodata.aPLLMULFactorTable.1
                0x080039d4       0x10 ./Drivers/STM32F1xx_HAL_Driver/Src/stm32f1xx_hal_rcc.o
 .rodata.aPredivFactorTable.0
                0x080039e4        0x2 ./Drivers/STM32F1xx_HAL_Driver/Src/stm32f1xx_hal_rcc.o
 *fill*         0x080039e6        0x2 
 .rodata.F6x8   0x080039e8      0x228 ./Hardware/src/oledfont.o
                0x080039e8                F6x8
 .rodata.F8X16  0x08003c10      0x5e0 ./Hardware/src/oledfont.o
                0x08003c10                F8X16
 .rodata.Hzk    0x080041f0       0x60 ./Hardware/src/oledfont.o
                0x080041f0                Hzk
                0x08004250                        . = ALIGN (0x4)

.ARM.extab      0x08004250        0x0
                0x08004250                        . = ALIGN (0x4)
 *(.ARM.extab* .gnu.linkonce.armextab.*)
                0x08004250                        . = ALIGN (0x4)

.ARM            0x08004250        0x0
                0x08004250                        . = ALIGN (0x4)
                0x08004250                        __exidx_start = .
 *(.ARM.exidx*)
                0x08004250                        __exidx_end = .
                0x08004250                        . = ALIGN (0x4)

.preinit_array  0x08004250        0x0
                0x08004250                        . = ALIGN (0x4)
                0x08004250                        PROVIDE (__preinit_array_start = .)
 *(.preinit_array*)
                0x08004250                        PROVIDE (__preinit_array_end = .)
                0x08004250                        . = ALIGN (0x4)

.init_array     0x08004250        0x4
                0x08004250                        . = ALIGN (0x4)
                0x08004250                        PROVIDE (__init_array_start = .)
 *(SORT_BY_NAME(.init_array.*))
 *(.init_array*)
 .init_array    0x08004250        0x4 D:/cubeide/home/STM32CubeIDE_1.16.0/STM32CubeIDE/plugins/com.st.stm32cube.ide.mcu.externaltools.gnu-tools-for-stm32.12.3.rel1.win32_1.0.200.202406191623/tools/bin/../lib/gcc/arm-none-eabi/12.3.1/thumb/v7-m/nofp/crtbegin.o
                0x08004254                        PROVIDE (__init_array_end = .)
                0x08004254                        . = ALIGN (0x4)

.fini_array     0x08004254        0x4
                0x08004254                        . = ALIGN (0x4)
                [!provide]                        PROVIDE (__fini_array_start = .)
 *(SORT_BY_NAME(.fini_array.*))
 *(.fini_array*)
 .fini_array    0x08004254        0x4 D:/cubeide/home/STM32CubeIDE_1.16.0/STM32CubeIDE/plugins/com.st.stm32cube.ide.mcu.externaltools.gnu-tools-for-stm32.12.3.rel1.win32_1.0.200.202406191623/tools/bin/../lib/gcc/arm-none-eabi/12.3.1/thumb/v7-m/nofp/crtbegin.o
                [!provide]                        PROVIDE (__fini_array_end = .)
                0x08004258                        . = ALIGN (0x4)
                0x08004258                        _sidata = LOADADDR (.data)

.rel.dyn        0x08004258        0x0
 .rel.iplt      0x08004258        0x0 D:/cubeide/home/STM32CubeIDE_1.16.0/STM32CubeIDE/plugins/com.st.stm32cube.ide.mcu.externaltools.gnu-tools-for-stm32.12.3.rel1.win32_1.0.200.202406191623/tools/bin/../lib/gcc/arm-none-eabi/12.3.1/thumb/v7-m/nofp/crtbegin.o

.data           0x20000000       0xa4 load address 0x08004258
                0x20000000                        . = ALIGN (0x4)
                0x20000000                        _sdata = .
 *(.data)
 *(.data*)
 .data.SystemCoreClock
                0x20000000        0x4 ./Core/Src/system_stm32f1xx.o
                0x20000000                SystemCoreClock
 .data.uwTickPrio
                0x20000004        0x4 ./Drivers/STM32F1xx_HAL_Driver/Src/stm32f1xx_hal.o
                0x20000004                uwTickPrio
 .data.uwTickFreq
                0x20000008        0x1 ./Drivers/STM32F1xx_HAL_Driver/Src/stm32f1xx_hal.o
                0x20000008                uwTickFreq
 *fill*         0x20000009        0x3 
 .data.CMD_Data
                0x2000000c       0x17 ./Hardware/src/oled.o
                0x2000000c                CMD_Data
 *fill*         0x20000023        0x1 
 .data.BMP1     0x20000024       0x80 ./Hardware/src/oledfont.o
                0x20000024                BMP1
 *(.RamFunc)
 *(.RamFunc*)
                0x200000a4                        . = ALIGN (0x4)
                0x200000a4                        _edata = .

.igot.plt       0x200000a4        0x0 load address 0x080042fc
 .igot.plt      0x200000a4        0x0 D:/cubeide/home/STM32CubeIDE_1.16.0/STM32CubeIDE/plugins/com.st.stm32cube.ide.mcu.externaltools.gnu-tools-for-stm32.12.3.rel1.win32_1.0.200.202406191623/tools/bin/../lib/gcc/arm-none-eabi/12.3.1/thumb/v7-m/nofp/crtbegin.o
                0x200000a4                        . = ALIGN (0x4)

.bss            0x200000a4      0x188 load address 0x080042fc
                0x200000a4                        _sbss = .
                0x200000a4                        __bss_start__ = _sbss
 *(.bss)
 .bss           0x200000a4       0x1c D:/cubeide/home/STM32CubeIDE_1.16.0/STM32CubeIDE/plugins/com.st.stm32cube.ide.mcu.externaltools.gnu-tools-for-stm32.12.3.rel1.win32_1.0.200.202406191623/tools/bin/../lib/gcc/arm-none-eabi/12.3.1/thumb/v7-m/nofp/crtbegin.o
 *(.bss*)
 .bss.hi2c1     0x200000c0       0x54 ./Core/Src/i2c.o
                0x200000c0                hi2c1
 .bss.htim6     0x20000114       0x48 ./Core/Src/tim.o
                0x20000114                htim6
 .bss.husart2   0x2000015c       0x44 ./Core/Src/usart.o
                0x2000015c                husart2
 .bss.hdma_usart2_rx
                0x200001a0       0x44 ./Core/Src/usart.o
                0x200001a0                hdma_usart2_rx
 .bss.hdma_usart2_tx
                0x200001e4       0x44 ./Core/Src/usart.o
                0x200001e4                hdma_usart2_tx
 .bss.uwTick    0x20000228        0x4 ./Drivers/STM32F1xx_HAL_Driver/Src/stm32f1xx_hal.o
                0x20000228                uwTick
 *(COMMON)
                0x2000022c                        . = ALIGN (0x4)
                0x2000022c                        _ebss = .
                0x2000022c                        __bss_end__ = _ebss

._user_heap_stack
                0x2000022c      0x604 load address 0x080042fc
                0x20000230                        . = ALIGN (0x8)
 *fill*         0x2000022c        0x4 
                [!provide]                        PROVIDE (end = .)
                0x20000230                        PROVIDE (_end = .)
                0x20000430                        . = (. + _Min_Heap_Size)
 *fill*         0x20000230      0x200 
                0x20000830                        . = (. + _Min_Stack_Size)
 *fill*         0x20000430      0x400 
                0x20000830                        . = ALIGN (0x8)

/DISCARD/
 libc.a(*)
 libm.a(*)
 libgcc.a(*)

.ARM.attributes
                0x00000000       0x29
 *(.ARM.attributes)
 .ARM.attributes
                0x00000000       0x1d D:/cubeide/home/STM32CubeIDE_1.16.0/STM32CubeIDE/plugins/com.st.stm32cube.ide.mcu.externaltools.gnu-tools-for-stm32.12.3.rel1.win32_1.0.200.202406191623/tools/bin/../lib/gcc/arm-none-eabi/12.3.1/thumb/v7-m/nofp/crti.o
 .ARM.attributes
                0x0000001d       0x2d D:/cubeide/home/STM32CubeIDE_1.16.0/STM32CubeIDE/plugins/com.st.stm32cube.ide.mcu.externaltools.gnu-tools-for-stm32.12.3.rel1.win32_1.0.200.202406191623/tools/bin/../lib/gcc/arm-none-eabi/12.3.1/thumb/v7-m/nofp/crtbegin.o
 .ARM.attributes
                0x0000004a       0x2d ./Core/Src/dma.o
 .ARM.attributes
                0x00000077       0x2d ./Core/Src/gpio.o
 .ARM.attributes
                0x000000a4       0x2d ./Core/Src/i2c.o
 .ARM.attributes
                0x000000d1       0x2d ./Core/Src/main.o
 .ARM.attributes
                0x000000fe       0x2d ./Core/Src/stm32f1xx_hal_msp.o
 .ARM.attributes
                0x0000012b       0x2d ./Core/Src/stm32f1xx_it.o
 .ARM.attributes
                0x00000158       0x2d ./Core/Src/system_stm32f1xx.o
 .ARM.attributes
                0x00000185       0x2d ./Core/Src/tim.o
 .ARM.attributes
                0x000001b2       0x2d ./Core/Src/usart.o
 .ARM.attributes
                0x000001df       0x21 ./Core/Startup/startup_stm32f103zetx.o
 .ARM.attributes
                0x00000200       0x2d ./Drivers/STM32F1xx_HAL_Driver/Src/stm32f1xx_hal.o
 .ARM.attributes
                0x0000022d       0x2d ./Drivers/STM32F1xx_HAL_Driver/Src/stm32f1xx_hal_cortex.o
 .ARM.attributes
                0x0000025a       0x2d ./Drivers/STM32F1xx_HAL_Driver/Src/stm32f1xx_hal_dma.o
 .ARM.attributes
                0x00000287       0x2d ./Drivers/STM32F1xx_HAL_Driver/Src/stm32f1xx_hal_gpio.o
 .ARM.attributes
                0x000002b4       0x2d ./Drivers/STM32F1xx_HAL_Driver/Src/stm32f1xx_hal_i2c.o
 .ARM.attributes
                0x000002e1       0x2d ./Drivers/STM32F1xx_HAL_Driver/Src/stm32f1xx_hal_rcc.o
 .ARM.attributes
                0x0000030e       0x2d ./Drivers/STM32F1xx_HAL_Driver/Src/stm32f1xx_hal_tim.o
 .ARM.attributes
                0x0000033b       0x2d ./Drivers/STM32F1xx_HAL_Driver/Src/stm32f1xx_hal_tim_ex.o
 .ARM.attributes
                0x00000368       0x2d ./Drivers/STM32F1xx_HAL_Driver/Src/stm32f1xx_hal_usart.o
 .ARM.attributes
                0x00000395       0x2d ./Hardware/src/oled.o
 .ARM.attributes
                0x000003c2       0x2d ./Hardware/src/oledfont.o
 .ARM.attributes
                0x000003ef       0x2d D:/cubeide/home/STM32CubeIDE_1.16.0/STM32CubeIDE/plugins/com.st.stm32cube.ide.mcu.externaltools.gnu-tools-for-stm32.12.3.rel1.win32_1.0.200.202406191623/tools/bin/../lib/gcc/arm-none-eabi/12.3.1/../../../../arm-none-eabi/lib/thumb/v7-m/nofp\libc_nano.a(libc_a-memset.o)
 .ARM.attributes
                0x0000041c       0x2d D:/cubeide/home/STM32CubeIDE_1.16.0/STM32CubeIDE/plugins/com.st.stm32cube.ide.mcu.externaltools.gnu-tools-for-stm32.12.3.rel1.win32_1.0.200.202406191623/tools/bin/../lib/gcc/arm-none-eabi/12.3.1/../../../../arm-none-eabi/lib/thumb/v7-m/nofp\libc_nano.a(libc_a-init.o)
 .ARM.attributes
                0x00000449       0x1d D:/cubeide/home/STM32CubeIDE_1.16.0/STM32CubeIDE/plugins/com.st.stm32cube.ide.mcu.externaltools.gnu-tools-for-stm32.12.3.rel1.win32_1.0.200.202406191623/tools/bin/../lib/gcc/arm-none-eabi/12.3.1/thumb/v7-m/nofp/crtn.o
OUTPUT(OLED.elf elf32-littlearm)
LOAD linker stubs
LOAD D:/cubeide/home/STM32CubeIDE_1.16.0/STM32CubeIDE/plugins/com.st.stm32cube.ide.mcu.externaltools.gnu-tools-for-stm32.12.3.rel1.win32_1.0.200.202406191623/tools/bin/../lib/gcc/arm-none-eabi/12.3.1/../../../../arm-none-eabi/lib/thumb/v7-m/nofp\libc.a
LOAD D:/cubeide/home/STM32CubeIDE_1.16.0/STM32CubeIDE/plugins/com.st.stm32cube.ide.mcu.externaltools.gnu-tools-for-stm32.12.3.rel1.win32_1.0.200.202406191623/tools/bin/../lib/gcc/arm-none-eabi/12.3.1/../../../../arm-none-eabi/lib/thumb/v7-m/nofp\libm.a
LOAD D:/cubeide/home/STM32CubeIDE_1.16.0/STM32CubeIDE/plugins/com.st.stm32cube.ide.mcu.externaltools.gnu-tools-for-stm32.12.3.rel1.win32_1.0.200.202406191623/tools/bin/../lib/gcc/arm-none-eabi/12.3.1/thumb/v7-m/nofp\libgcc.a

.debug_info     0x00000000     0xd306
 .debug_info    0x00000000      0x335 ./Core/Src/dma.o
 .debug_info    0x00000335      0x184 ./Core/Src/gpio.o
 .debug_info    0x000004b9      0x7e3 ./Core/Src/i2c.o
 .debug_info    0x00000c9c      0x388 ./Core/Src/main.o
 .debug_info    0x00001024      0x1f1 ./Core/Src/stm32f1xx_hal_msp.o
 .debug_info    0x00001215      0x5f7 ./Core/Src/stm32f1xx_it.o
 .debug_info    0x0000180c      0x222 ./Core/Src/system_stm32f1xx.o
 .debug_info    0x00001a2e      0x7b1 ./Core/Src/tim.o
 .debug_info    0x000021df      0x99f ./Core/Src/usart.o
 .debug_info    0x00002b7e       0x30 ./Core/Startup/startup_stm32f103zetx.o
 .debug_info    0x00002bae      0x76a ./Drivers/STM32F1xx_HAL_Driver/Src/stm32f1xx_hal.o
 .debug_info    0x00003318      0xaed ./Drivers/STM32F1xx_HAL_Driver/Src/stm32f1xx_hal_cortex.o
 .debug_info    0x00003e05      0x6d2 ./Drivers/STM32F1xx_HAL_Driver/Src/stm32f1xx_hal_dma.o
 .debug_info    0x000044d7      0x5ab ./Drivers/STM32F1xx_HAL_Driver/Src/stm32f1xx_hal_gpio.o
 .debug_info    0x00004a82     0x2515 ./Drivers/STM32F1xx_HAL_Driver/Src/stm32f1xx_hal_i2c.o
 .debug_info    0x00006f97      0x7d5 ./Drivers/STM32F1xx_HAL_Driver/Src/stm32f1xx_hal_rcc.o
 .debug_info    0x0000776c     0x293b ./Drivers/STM32F1xx_HAL_Driver/Src/stm32f1xx_hal_tim.o
 .debug_info    0x0000a0a7     0x149b ./Drivers/STM32F1xx_HAL_Driver/Src/stm32f1xx_hal_tim_ex.o
 .debug_info    0x0000b542     0x10ab ./Drivers/STM32F1xx_HAL_Driver/Src/stm32f1xx_hal_usart.o
 .debug_info    0x0000c5ed      0xbcf ./Hardware/src/oled.o
 .debug_info    0x0000d1bc      0x14a ./Hardware/src/oledfont.o

.debug_abbrev   0x00000000     0x25b3
 .debug_abbrev  0x00000000       0xfc ./Core/Src/dma.o
 .debug_abbrev  0x000000fc       0xc6 ./Core/Src/gpio.o
 .debug_abbrev  0x000001c2      0x1de ./Core/Src/i2c.o
 .debug_abbrev  0x000003a0      0x1aa ./Core/Src/main.o
 .debug_abbrev  0x0000054a       0xdb ./Core/Src/stm32f1xx_hal_msp.o
 .debug_abbrev  0x00000625      0x177 ./Core/Src/stm32f1xx_it.o
 .debug_abbrev  0x0000079c      0x13f ./Core/Src/system_stm32f1xx.o
 .debug_abbrev  0x000008db      0x1ed ./Core/Src/tim.o
 .debug_abbrev  0x00000ac8      0x21b ./Core/Src/usart.o
 .debug_abbrev  0x00000ce3       0x24 ./Core/Startup/startup_stm32f103zetx.o
 .debug_abbrev  0x00000d07      0x201 ./Drivers/STM32F1xx_HAL_Driver/Src/stm32f1xx_hal.o
 .debug_abbrev  0x00000f08      0x2f8 ./Drivers/STM32F1xx_HAL_Driver/Src/stm32f1xx_hal_cortex.o
 .debug_abbrev  0x00001200      0x20b ./Drivers/STM32F1xx_HAL_Driver/Src/stm32f1xx_hal_dma.o
 .debug_abbrev  0x0000140b      0x1ca ./Drivers/STM32F1xx_HAL_Driver/Src/stm32f1xx_hal_gpio.o
 .debug_abbrev  0x000015d5      0x2a3 ./Drivers/STM32F1xx_HAL_Driver/Src/stm32f1xx_hal_i2c.o
 .debug_abbrev  0x00001878      0x2b3 ./Drivers/STM32F1xx_HAL_Driver/Src/stm32f1xx_hal_rcc.o
 .debug_abbrev  0x00001b2b      0x277 ./Drivers/STM32F1xx_HAL_Driver/Src/stm32f1xx_hal_tim.o
 .debug_abbrev  0x00001da2      0x282 ./Drivers/STM32F1xx_HAL_Driver/Src/stm32f1xx_hal_tim_ex.o
 .debug_abbrev  0x00002024      0x278 ./Drivers/STM32F1xx_HAL_Driver/Src/stm32f1xx_hal_usart.o
 .debug_abbrev  0x0000229c      0x29a ./Hardware/src/oled.o
 .debug_abbrev  0x00002536       0x7d ./Hardware/src/oledfont.o

.debug_aranges  0x00000000      0xf58
 .debug_aranges
                0x00000000       0x20 ./Core/Src/dma.o
 .debug_aranges
                0x00000020       0x20 ./Core/Src/gpio.o
 .debug_aranges
                0x00000040       0x30 ./Core/Src/i2c.o
 .debug_aranges
                0x00000070       0x30 ./Core/Src/main.o
 .debug_aranges
                0x000000a0       0x20 ./Core/Src/stm32f1xx_hal_msp.o
 .debug_aranges
                0x000000c0       0x78 ./Core/Src/stm32f1xx_it.o
 .debug_aranges
                0x00000138       0x28 ./Core/Src/system_stm32f1xx.o
 .debug_aranges
                0x00000160       0x30 ./Core/Src/tim.o
 .debug_aranges
                0x00000190       0x30 ./Core/Src/usart.o
 .debug_aranges
                0x000001c0       0x28 ./Core/Startup/startup_stm32f103zetx.o
 .debug_aranges
                0x000001e8       0xe0 ./Drivers/STM32F1xx_HAL_Driver/Src/stm32f1xx_hal.o
 .debug_aranges
                0x000002c8      0x100 ./Drivers/STM32F1xx_HAL_Driver/Src/stm32f1xx_hal_cortex.o
 .debug_aranges
                0x000003c8       0x80 ./Drivers/STM32F1xx_HAL_Driver/Src/stm32f1xx_hal_dma.o
 .debug_aranges
                0x00000448       0x58 ./Drivers/STM32F1xx_HAL_Driver/Src/stm32f1xx_hal_gpio.o
 .debug_aranges
                0x000004a0      0x2a8 ./Drivers/STM32F1xx_HAL_Driver/Src/stm32f1xx_hal_i2c.o
 .debug_aranges
                0x00000748       0x90 ./Drivers/STM32F1xx_HAL_Driver/Src/stm32f1xx_hal_rcc.o
 .debug_aranges
                0x000007d8      0x3d0 ./Drivers/STM32F1xx_HAL_Driver/Src/stm32f1xx_hal_tim.o
 .debug_aranges
                0x00000ba8      0x168 ./Drivers/STM32F1xx_HAL_Driver/Src/stm32f1xx_hal_tim_ex.o
 .debug_aranges
                0x00000d10      0x178 ./Drivers/STM32F1xx_HAL_Driver/Src/stm32f1xx_hal_usart.o
 .debug_aranges
                0x00000e88       0xb8 ./Hardware/src/oled.o
 .debug_aranges
                0x00000f40       0x18 ./Hardware/src/oledfont.o

.debug_rnglists
                0x00000000      0xbdd
 .debug_rnglists
                0x00000000       0x13 ./Core/Src/dma.o
 .debug_rnglists
                0x00000013       0x13 ./Core/Src/gpio.o
 .debug_rnglists
                0x00000026       0x1f ./Core/Src/i2c.o
 .debug_rnglists
                0x00000045       0x21 ./Core/Src/main.o
 .debug_rnglists
                0x00000066       0x13 ./Core/Src/stm32f1xx_hal_msp.o
 .debug_rnglists
                0x00000079       0x55 ./Core/Src/stm32f1xx_it.o
 .debug_rnglists
                0x000000ce       0x1a ./Core/Src/system_stm32f1xx.o
 .debug_rnglists
                0x000000e8       0x1f ./Core/Src/tim.o
 .debug_rnglists
                0x00000107       0x20 ./Core/Src/usart.o
 .debug_rnglists
                0x00000127       0x19 ./Core/Startup/startup_stm32f103zetx.o
 .debug_rnglists
                0x00000140       0xa3 ./Drivers/STM32F1xx_HAL_Driver/Src/stm32f1xx_hal.o
 .debug_rnglists
                0x000001e3       0xbb ./Drivers/STM32F1xx_HAL_Driver/Src/stm32f1xx_hal_cortex.o
 .debug_rnglists
                0x0000029e       0x64 ./Drivers/STM32F1xx_HAL_Driver/Src/stm32f1xx_hal_dma.o
 .debug_rnglists
                0x00000302       0x3f ./Drivers/STM32F1xx_HAL_Driver/Src/stm32f1xx_hal_gpio.o
 .debug_rnglists
                0x00000341      0x23c ./Drivers/STM32F1xx_HAL_Driver/Src/stm32f1xx_hal_i2c.o
 .debug_rnglists
                0x0000057d       0x6c ./Drivers/STM32F1xx_HAL_Driver/Src/stm32f1xx_hal_rcc.o
 .debug_rnglists
                0x000005e9      0x31a ./Drivers/STM32F1xx_HAL_Driver/Src/stm32f1xx_hal_tim.o
 .debug_rnglists
                0x00000903      0x125 ./Drivers/STM32F1xx_HAL_Driver/Src/stm32f1xx_hal_tim_ex.o
 .debug_rnglists
                0x00000a28      0x12a ./Drivers/STM32F1xx_HAL_Driver/Src/stm32f1xx_hal_usart.o
 .debug_rnglists
                0x00000b52       0x8b ./Hardware/src/oled.o

.debug_macro    0x00000000    0x19b6a
 .debug_macro   0x00000000      0x1c1 ./Core/Src/dma.o
 .debug_macro   0x000001c1      0xaa8 ./Core/Src/dma.o
 .debug_macro   0x00000c69      0x227 ./Core/Src/dma.o
 .debug_macro   0x00000e90       0x2e ./Core/Src/dma.o
 .debug_macro   0x00000ebe       0x22 ./Core/Src/dma.o
 .debug_macro   0x00000ee0       0x22 ./Core/Src/dma.o
 .debug_macro   0x00000f02       0x8e ./Core/Src/dma.o
 .debug_macro   0x00000f90       0x51 ./Core/Src/dma.o
 .debug_macro   0x00000fe1      0x103 ./Core/Src/dma.o
 .debug_macro   0x000010e4       0x6a ./Core/Src/dma.o
 .debug_macro   0x0000114e      0x1df ./Core/Src/dma.o
 .debug_macro   0x0000132d       0x1c ./Core/Src/dma.o
 .debug_macro   0x00001349       0x22 ./Core/Src/dma.o
 .debug_macro   0x0000136b       0xbd ./Core/Src/dma.o
 .debug_macro   0x00001428      0xd23 ./Core/Src/dma.o
 .debug_macro   0x0000214b     0xfd8c ./Core/Src/dma.o
 .debug_macro   0x00011ed7       0x6d ./Core/Src/dma.o
 .debug_macro   0x00011f44     0x348d ./Core/Src/dma.o
 .debug_macro   0x000153d1      0x189 ./Core/Src/dma.o
 .debug_macro   0x0001555a       0x5c ./Core/Src/dma.o
 .debug_macro   0x000155b6      0x5bc ./Core/Src/dma.o
 .debug_macro   0x00015b72      0x4d5 ./Core/Src/dma.o
 .debug_macro   0x00016047      0x1cb ./Core/Src/dma.o
 .debug_macro   0x00016212      0x114 ./Core/Src/dma.o
 .debug_macro   0x00016326      0x1ea ./Core/Src/dma.o
 .debug_macro   0x00016510       0x27 ./Core/Src/dma.o
 .debug_macro   0x00016537      0x144 ./Core/Src/dma.o
 .debug_macro   0x0001667b      0x1bc ./Core/Src/dma.o
 .debug_macro   0x00016837       0x30 ./Core/Src/dma.o
 .debug_macro   0x00016867       0x3c ./Core/Src/dma.o
 .debug_macro   0x000168a3       0x57 ./Core/Src/dma.o
 .debug_macro   0x000168fa       0x87 ./Core/Src/dma.o
 .debug_macro   0x00016981      0x24f ./Core/Src/dma.o
 .debug_macro   0x00016bd0      0x287 ./Core/Src/dma.o
 .debug_macro   0x00016e57      0x140 ./Core/Src/dma.o
 .debug_macro   0x00016f97      0x8ed ./Core/Src/dma.o
 .debug_macro   0x00017884      0x217 ./Core/Src/dma.o
 .debug_macro   0x00017a9b       0xb5 ./Core/Src/dma.o
 .debug_macro   0x00017b50      0x1c1 ./Core/Src/gpio.o
 .debug_macro   0x00017d11      0x1c1 ./Core/Src/i2c.o
 .debug_macro   0x00017ed2      0x201 ./Core/Src/main.o
 .debug_macro   0x000180d3      0x1b7 ./Core/Src/stm32f1xx_hal_msp.o
 .debug_macro   0x0001828a      0x1c1 ./Core/Src/stm32f1xx_it.o
 .debug_macro   0x0001844b      0x1ad ./Core/Src/system_stm32f1xx.o
 .debug_macro   0x000185f8      0x1c1 ./Core/Src/tim.o
 .debug_macro   0x000187b9      0x1c1 ./Core/Src/usart.o
 .debug_macro   0x0001897a      0x1d1 ./Drivers/STM32F1xx_HAL_Driver/Src/stm32f1xx_hal.o
 .debug_macro   0x00018b4b      0x1ad ./Drivers/STM32F1xx_HAL_Driver/Src/stm32f1xx_hal_cortex.o
 .debug_macro   0x00018cf8      0x1ad ./Drivers/STM32F1xx_HAL_Driver/Src/stm32f1xx_hal_dma.o
 .debug_macro   0x00018ea5      0x218 ./Drivers/STM32F1xx_HAL_Driver/Src/stm32f1xx_hal_gpio.o
 .debug_macro   0x000190bd      0x1fb ./Drivers/STM32F1xx_HAL_Driver/Src/stm32f1xx_hal_i2c.o
 .debug_macro   0x000192b8      0x1bf ./Drivers/STM32F1xx_HAL_Driver/Src/stm32f1xx_hal_rcc.o
 .debug_macro   0x00019477      0x1ae ./Drivers/STM32F1xx_HAL_Driver/Src/stm32f1xx_hal_tim.o
 .debug_macro   0x00019625      0x1ad ./Drivers/STM32F1xx_HAL_Driver/Src/stm32f1xx_hal_tim_ex.o
 .debug_macro   0x000197d2      0x1bc ./Drivers/STM32F1xx_HAL_Driver/Src/stm32f1xx_hal_usart.o
 .debug_macro   0x0001998e      0x1c1 ./Hardware/src/oled.o
 .debug_macro   0x00019b4f       0x1b ./Hardware/src/oledfont.o

.debug_line     0x00000000    0x13753
 .debug_line    0x00000000      0x712 ./Core/Src/dma.o
 .debug_line    0x00000712      0x712 ./Core/Src/gpio.o
 .debug_line    0x00000e24      0x77a ./Core/Src/i2c.o
 .debug_line    0x0000159e      0x804 ./Core/Src/main.o
 .debug_line    0x00001da2      0x716 ./Core/Src/stm32f1xx_hal_msp.o
 .debug_line    0x000024b8      0x81f ./Core/Src/stm32f1xx_it.o
 .debug_line    0x00002cd7      0x793 ./Core/Src/system_stm32f1xx.o
 .debug_line    0x0000346a      0x76c ./Core/Src/tim.o
 .debug_line    0x00003bd6      0x7d0 ./Core/Src/usart.o
 .debug_line    0x000043a6       0x79 ./Core/Startup/startup_stm32f103zetx.o
 .debug_line    0x0000441f      0x9c0 ./Drivers/STM32F1xx_HAL_Driver/Src/stm32f1xx_hal.o
 .debug_line    0x00004ddf      0xbac ./Drivers/STM32F1xx_HAL_Driver/Src/stm32f1xx_hal_cortex.o
 .debug_line    0x0000598b     0x12eb ./Drivers/STM32F1xx_HAL_Driver/Src/stm32f1xx_hal_dma.o
 .debug_line    0x00006c76      0xa81 ./Drivers/STM32F1xx_HAL_Driver/Src/stm32f1xx_hal_gpio.o
 .debug_line    0x000076f7     0x3c2d ./Drivers/STM32F1xx_HAL_Driver/Src/stm32f1xx_hal_i2c.o
 .debug_line    0x0000b324      0xdc9 ./Drivers/STM32F1xx_HAL_Driver/Src/stm32f1xx_hal_rcc.o
 .debug_line    0x0000c0ed     0x36ea ./Drivers/STM32F1xx_HAL_Driver/Src/stm32f1xx_hal_tim.o
 .debug_line    0x0000f7d7     0x1985 ./Drivers/STM32F1xx_HAL_Driver/Src/stm32f1xx_hal_tim_ex.o
 .debug_line    0x0001115c     0x18e4 ./Drivers/STM32F1xx_HAL_Driver/Src/stm32f1xx_hal_usart.o
 .debug_line    0x00012a40      0xca2 ./Hardware/src/oled.o
 .debug_line    0x000136e2       0x71 ./Hardware/src/oledfont.o

.debug_str      0x00000000    0x96c67
 .debug_str     0x00000000    0x92b85 ./Core/Src/dma.o
                              0x93020 (size before relaxing)
 .debug_str     0x00092b85       0x2c ./Core/Src/gpio.o
                              0x92c38 (size before relaxing)
 .debug_str     0x00092bb1      0x4f0 ./Core/Src/i2c.o
                              0x93198 (size before relaxing)
 .debug_str     0x000930a1      0x221 ./Core/Src/main.o
                              0x92e87 (size before relaxing)
 .debug_str     0x000932c2       0x5a ./Core/Src/stm32f1xx_hal_msp.o
                              0x92c66 (size before relaxing)
 .debug_str     0x0009331c      0x2ef ./Core/Src/stm32f1xx_it.o
                              0x930d4 (size before relaxing)
 .debug_str     0x0009360b       0x7e ./Core/Src/system_stm32f1xx.o
                              0x92c91 (size before relaxing)
 .debug_str     0x00093689      0x33e ./Core/Src/tim.o
                              0x931f3 (size before relaxing)
 .debug_str     0x000939c7       0x85 ./Core/Src/usart.o
                              0x93518 (size before relaxing)
 .debug_str     0x00093a4c       0x44 ./Core/Startup/startup_stm32f103zetx.o
                                 0x65 (size before relaxing)
 .debug_str     0x00093a90      0x38e ./Drivers/STM32F1xx_HAL_Driver/Src/stm32f1xx_hal.o
                              0x934a8 (size before relaxing)
 .debug_str     0x00093e1e      0x294 ./Drivers/STM32F1xx_HAL_Driver/Src/stm32f1xx_hal_cortex.o
                              0x933f4 (size before relaxing)
 .debug_str     0x000940b2      0x201 ./Drivers/STM32F1xx_HAL_Driver/Src/stm32f1xx_hal_dma.o
                              0x9303a (size before relaxing)
 .debug_str     0x000942b3      0x31d ./Drivers/STM32F1xx_HAL_Driver/Src/stm32f1xx_hal_gpio.o
                              0x93017 (size before relaxing)
 .debug_str     0x000945d0      0xba7 ./Drivers/STM32F1xx_HAL_Driver/Src/stm32f1xx_hal_i2c.o
                              0x93d58 (size before relaxing)
 .debug_str     0x00095177      0x209 ./Drivers/STM32F1xx_HAL_Driver/Src/stm32f1xx_hal_rcc.o
                              0x930c0 (size before relaxing)
 .debug_str     0x00095380      0xe56 ./Drivers/STM32F1xx_HAL_Driver/Src/stm32f1xx_hal_tim.o
                              0x940b2 (size before relaxing)
 .debug_str     0x000961d6      0x493 ./Drivers/STM32F1xx_HAL_Driver/Src/stm32f1xx_hal_tim_ex.o
                              0x938ce (size before relaxing)
 .debug_str     0x00096669      0x464 ./Drivers/STM32F1xx_HAL_Driver/Src/stm32f1xx_hal_usart.o
                              0x93541 (size before relaxing)
 .debug_str     0x00096acd      0x17f ./Hardware/src/oled.o
                              0x9328c (size before relaxing)
 .debug_str     0x00096c4c       0x1b ./Hardware/src/oledfont.o
                               0x2ddd (size before relaxing)

.comment        0x00000000       0x43
 .comment       0x00000000       0x43 ./Core/Src/dma.o
                                 0x44 (size before relaxing)
 .comment       0x00000043       0x44 ./Core/Src/gpio.o
 .comment       0x00000043       0x44 ./Core/Src/i2c.o
 .comment       0x00000043       0x44 ./Core/Src/main.o
 .comment       0x00000043       0x44 ./Core/Src/stm32f1xx_hal_msp.o
 .comment       0x00000043       0x44 ./Core/Src/stm32f1xx_it.o
 .comment       0x00000043       0x44 ./Core/Src/system_stm32f1xx.o
 .comment       0x00000043       0x44 ./Core/Src/tim.o
 .comment       0x00000043       0x44 ./Core/Src/usart.o
 .comment       0x00000043       0x44 ./Drivers/STM32F1xx_HAL_Driver/Src/stm32f1xx_hal.o
 .comment       0x00000043       0x44 ./Drivers/STM32F1xx_HAL_Driver/Src/stm32f1xx_hal_cortex.o
 .comment       0x00000043       0x44 ./Drivers/STM32F1xx_HAL_Driver/Src/stm32f1xx_hal_dma.o
 .comment       0x00000043       0x44 ./Drivers/STM32F1xx_HAL_Driver/Src/stm32f1xx_hal_gpio.o
 .comment       0x00000043       0x44 ./Drivers/STM32F1xx_HAL_Driver/Src/stm32f1xx_hal_i2c.o
 .comment       0x00000043       0x44 ./Drivers/STM32F1xx_HAL_Driver/Src/stm32f1xx_hal_rcc.o
 .comment       0x00000043       0x44 ./Drivers/STM32F1xx_HAL_Driver/Src/stm32f1xx_hal_tim.o
 .comment       0x00000043       0x44 ./Drivers/STM32F1xx_HAL_Driver/Src/stm32f1xx_hal_tim_ex.o
 .comment       0x00000043       0x44 ./Drivers/STM32F1xx_HAL_Driver/Src/stm32f1xx_hal_usart.o
 .comment       0x00000043       0x44 ./Hardware/src/oled.o
 .comment       0x00000043       0x44 ./Hardware/src/oledfont.o

.debug_frame    0x00000000     0x3f44
 .debug_frame   0x00000000       0x34 ./Core/Src/dma.o
 .debug_frame   0x00000034       0x38 ./Core/Src/gpio.o
 .debug_frame   0x0000006c       0x74 ./Core/Src/i2c.o
 .debug_frame   0x000000e0       0x6c ./Core/Src/main.o
 .debug_frame   0x0000014c       0x38 ./Core/Src/stm32f1xx_hal_msp.o
 .debug_frame   0x00000184      0x158 ./Core/Src/stm32f1xx_it.o
 .debug_frame   0x000002dc       0x58 ./Core/Src/system_stm32f1xx.o
 .debug_frame   0x00000334       0x84 ./Core/Src/tim.o
 .debug_frame   0x000003b8       0x74 ./Core/Src/usart.o
 .debug_frame   0x0000042c      0x334 ./Drivers/STM32F1xx_HAL_Driver/Src/stm32f1xx_hal.o
 .debug_frame   0x00000760      0x428 ./Drivers/STM32F1xx_HAL_Driver/Src/stm32f1xx_hal_cortex.o
 .debug_frame   0x00000b88      0x20c ./Drivers/STM32F1xx_HAL_Driver/Src/stm32f1xx_hal_dma.o
 .debug_frame   0x00000d94      0x14c ./Drivers/STM32F1xx_HAL_Driver/Src/stm32f1xx_hal_gpio.o
 .debug_frame   0x00000ee0      0xc84 ./Drivers/STM32F1xx_HAL_Driver/Src/stm32f1xx_hal_i2c.o
 .debug_frame   0x00001b64      0x218 ./Drivers/STM32F1xx_HAL_Driver/Src/stm32f1xx_hal_rcc.o
 .debug_frame   0x00001d7c     0x11bc ./Drivers/STM32F1xx_HAL_Driver/Src/stm32f1xx_hal_tim.o
 .debug_frame   0x00002f38      0x638 ./Drivers/STM32F1xx_HAL_Driver/Src/stm32f1xx_hal_tim_ex.o
 .debug_frame   0x00003570      0x69c ./Drivers/STM32F1xx_HAL_Driver/Src/stm32f1xx_hal_usart.o
 .debug_frame   0x00003c0c      0x2ec ./Hardware/src/oled.o
 .debug_frame   0x00003ef8       0x20 D:/cubeide/home/STM32CubeIDE_1.16.0/STM32CubeIDE/plugins/com.st.stm32cube.ide.mcu.externaltools.gnu-tools-for-stm32.12.3.rel1.win32_1.0.200.202406191623/tools/bin/../lib/gcc/arm-none-eabi/12.3.1/../../../../arm-none-eabi/lib/thumb/v7-m/nofp\libc_nano.a(libc_a-memset.o)
 .debug_frame   0x00003f18       0x2c D:/cubeide/home/STM32CubeIDE_1.16.0/STM32CubeIDE/plugins/com.st.stm32cube.ide.mcu.externaltools.gnu-tools-for-stm32.12.3.rel1.win32_1.0.200.202406191623/tools/bin/../lib/gcc/arm-none-eabi/12.3.1/../../../../arm-none-eabi/lib/thumb/v7-m/nofp\libc_nano.a(libc_a-init.o)

.debug_line_str
                0x00000000       0x49
 .debug_line_str
                0x00000000       0x49 ./Core/Startup/startup_stm32f103zetx.o
